
> real-estate-3d@0.1.0 build
> react-scripts build

Creating an optimized production build...
Failed to compile.

[eslint] 
src\App.js
  Line 226:9:  'globalThis' is not defined  no-undef

Search for the keywords to learn more about each error.


